[0m10:14:56.584043 [debug] [MainThread]: Sending event: {'category': 'dbt', 'action': 'invocation', 'label': 'start', 'context': [<snowplow_tracker.self_describing_json.SelfDescribingJson object at 0x717d02d912b0>, <snowplow_tracker.self_describing_json.SelfDescribingJson object at 0x717d0444ff50>, <snowplow_tracker.self_describing_json.SelfDescribingJson object at 0x717d02aab620>]}


============================== 10:14:56.586783 | e259855f-f123-4bc5-8aae-fe01e1812dd1 ==============================
[0m10:14:56.586783 [info ] [MainThread]: Running with dbt=1.12.4
[0m10:14:56.587237 [debug] [MainThread]: running dbt with arguments {'profiles_dir': '/home/alex/.dbt', 'quiet': 'False', 'no_print': 'None', 'empty': 'None', 'invocation_command': 'dbt init sales_analytics', 'write_json': 'True', 'use_experimental_parser': 'False', 'maximum_seed_size_mib': '1', 'use_colors': 'True', 'log_path': 'logs', 'cache_selected_only': 'False', 'static_parser': 'True', 'version_check': 'True', 'printer_width': '80', 'indirect_selection': 'eager', 'fail_fast': 'False', 'send_anonymous_usage_stats': 'True', 'introspect': 'True', 'hints_enabled': 'True', 'target_path': 'None', 'debug': 'False', 'log_cache_events': 'False', 'warn_error_options': 'WarnErrorOptionsV2(error=[], warn=[], silence=[])', 'log_format': 'default', 'warn_error': 'None', 'partial_parse': 'True'}
[0m10:14:56.641367 [debug] [MainThread]: Starter project path: /home/alex/projects/sales-analytics-platform/.venv/lib/python3.12/site-packages/dbt/include/starter_project
[0m10:14:56.643385 [info ] [MainThread]: Setting up your profile.
[0m10:15:00.913286 [debug] [MainThread]: Snowflake adapter: Setting snowflake.connector to ERROR (file logging only)
[0m10:15:00.913796 [debug] [MainThread]: Snowflake adapter: Setting botocore to ERROR (file logging only)
[0m10:15:00.914069 [debug] [MainThread]: Snowflake adapter: Setting boto3 to ERROR (file logging only)
[0m10:30:59.809789 [info ] [MainThread]: Profile sales_analytics written to /home/alex/.dbt/profiles.yml using target's profile_template.yml and your supplied values.
[0m10:30:59.814397 [info ] [MainThread]: Running dbt debug to validate the project...
[0m10:30:59.815141 [info ] [MainThread]: dbt version: 1.12.4
[0m10:30:59.815418 [info ] [MainThread]: python version: 3.12.3
[0m10:30:59.815650 [info ] [MainThread]: python path: /home/alex/projects/sales-analytics-platform/.venv/bin/python
[0m10:30:59.815912 [info ] [MainThread]: os info: Linux-7.0.0-31-generic-x86_64-with-glibc2.39
[0m10:30:59.855437 [info ] [MainThread]: Using profiles dir at /home/alex/.dbt
[0m10:30:59.855943 [info ] [MainThread]: Using profiles.yml file at /home/alex/.dbt/profiles.yml
[0m10:30:59.856175 [info ] [MainThread]: Using dbt_project.yml file at /home/alex/projects/sales-analytics-platform/sales_analytics/dbt_project.yml
[0m10:30:59.856568 [info ] [MainThread]: adapter type: snowflake
[0m10:30:59.856840 [info ] [MainThread]: adapter version: 1.12.0
[0m10:30:59.949272 [info ] [MainThread]: Configuration:
[0m10:30:59.949760 [info ] [MainThread]:   profiles.yml file [[32mOK found and valid[0m]
[0m10:30:59.950017 [info ] [MainThread]:   dbt_project.yml file [[32mOK found and valid[0m]
[0m10:30:59.950236 [info ] [MainThread]: Required dependencies:
[0m10:30:59.950474 [debug] [MainThread]: Executing "git --help"
[0m10:30:59.955786 [debug] [MainThread]: STDOUT: "b"usage: git [-v | --version] [-h | --help] [-C <path>] [-c <name>=<value>]\n           [--exec-path[=<path>]] [--html-path] [--man-path] [--info-path]\n           [-p | --paginate | -P | --no-pager] [--no-replace-objects] [--bare]\n           [--git-dir=<path>] [--work-tree=<path>] [--namespace=<name>]\n           [--config-env=<name>=<envvar>] <command> [<args>]\n\nThese are common Git commands used in various situations:\n\nstart a working area (see also: git help tutorial)\n   clone     Clone a repository into a new directory\n   init      Create an empty Git repository or reinitialize an existing one\n\nwork on the current change (see also: git help everyday)\n   add       Add file contents to the index\n   mv        Move or rename a file, a directory, or a symlink\n   restore   Restore working tree files\n   rm        Remove files from the working tree and from the index\n\nexamine the history and state (see also: git help revisions)\n   bisect    Use binary search to find the commit that introduced a bug\n   diff      Show changes between commits, commit and working tree, etc\n   grep      Print lines matching a pattern\n   log       Show commit logs\n   show      Show various types of objects\n   status    Show the working tree status\n\ngrow, mark and tweak your common history\n   branch    List, create, or delete branches\n   commit    Record changes to the repository\n   merge     Join two or more development histories together\n   rebase    Reapply commits on top of another base tip\n   reset     Reset current HEAD to the specified state\n   switch    Switch branches\n   tag       Create, list, delete or verify a tag object signed with GPG\n\ncollaborate (see also: git help workflows)\n   fetch     Download objects and refs from another repository\n   pull      Fetch from and integrate with another repository or a local branch\n   push      Update remote refs along with associated objects\n\n'git help -a' and 'git help -g' list available subcommands and some\nconcept guides. See 'git help <command>' or 'git help <concept>'\nto read about a specific subcommand or concept.\nSee 'git help git' for an overview of the system.\n""
[0m10:30:59.956327 [debug] [MainThread]: STDERR: "b''"
[0m10:30:59.956627 [info ] [MainThread]:  - git [[32mOK found[0m]

[0m10:30:59.956992 [info ] [MainThread]: Connection:
[0m10:30:59.957307 [info ] [MainThread]:   account: ozccfcg-keb07684
[0m10:30:59.957659 [info ] [MainThread]:   user: AI_DWH_SVC
[0m10:30:59.958078 [info ] [MainThread]:   database: AI_DWH
[0m10:30:59.958472 [info ] [MainThread]:   warehouse: AI_DWH_WH
[0m10:30:59.958998 [info ] [MainThread]:   role: AI_DWH_ROLE
[0m10:30:59.959396 [info ] [MainThread]:   schema: STAGING
[0m10:30:59.959799 [info ] [MainThread]:   authenticator: None
[0m10:30:59.960137 [info ] [MainThread]:   oauth_client_id: None
[0m10:30:59.960460 [info ] [MainThread]:   query_tag: None
[0m10:30:59.961221 [info ] [MainThread]:   client_session_keep_alive: False
[0m10:30:59.961771 [info ] [MainThread]:   host: None
[0m10:30:59.962040 [info ] [MainThread]:   port: None
[0m10:30:59.962320 [info ] [MainThread]:   proxy_host: None
[0m10:30:59.962565 [info ] [MainThread]:   proxy_port: None
[0m10:30:59.962824 [info ] [MainThread]:   protocol: None
[0m10:30:59.963033 [info ] [MainThread]:   connect_retries: 1
[0m10:30:59.963243 [info ] [MainThread]:   connect_timeout: None
[0m10:30:59.963456 [info ] [MainThread]:   retry_on_database_errors: False
[0m10:30:59.963699 [info ] [MainThread]:   retry_all: False
[0m10:30:59.963952 [info ] [MainThread]:   insecure_mode: False
[0m10:30:59.964200 [info ] [MainThread]:   reuse_connections: True
[0m10:30:59.964450 [info ] [MainThread]:   s3_stage_vpce_dns_name: None
[0m10:30:59.964771 [info ] [MainThread]:   workload_identity_provider: None
[0m10:30:59.965037 [info ] [MainThread]:   workload_identity_entra_resource: None
[0m10:30:59.965347 [info ] [MainThread]:   platform_detection_timeout_seconds: 0.0
[0m10:30:59.965843 [info ] [MainThread]: Registered adapter: snowflake=1.12.0
[0m10:31:00.037321 [debug] [MainThread]: Acquiring new snowflake connection 'debug'
[0m10:31:00.044291 [debug] [MainThread]: Using snowflake connection "debug"
[0m10:31:00.044611 [debug] [MainThread]: On debug: select 1 as id
[0m10:31:00.044816 [debug] [MainThread]: Opening a new connection, currently in state init
[0m10:31:00.049710 [debug] [MainThread]: Snowflake adapter: Error running SQL: select 1 as id
[0m10:31:00.050029 [debug] [MainThread]: Snowflake adapter: Rolling back transaction.
[0m10:31:00.050284 [info ] [MainThread]:   Connection test: [[31mERROR[0m]

[0m10:31:00.050584 [info ] [MainThread]: [31m1 check failed:[0m
[0m10:31:00.050835 [info ] [MainThread]: dbt was unable to connect to the specified database.
The database returned the following error:

  >Database Error
  Password was given but private key is not encrypted.

Check your database credentials and try again. For more information, visit:
https://docs.getdbt.com/docs/configure-your-profile


[0m10:31:00.051112 [info ] [MainThread]: Your new dbt project "sales_analytics" was created!
Initialized new project in /home/alex/projects/sales-analytics-platform/sales_analytics/sales_analytics

For more information on how to configure the profiles.yml file,
please consult the dbt documentation here:

  https://docs.getdbt.com/docs/configure-your-profile

One more thing:

Need help? Don't hesitate to reach out to us via GitHub issues or on Slack:

  https://community.getdbt.com/

Happy modeling!

[0m10:31:00.051343 [info ] [MainThread]: [31mYour profile may need adjustments. You can find the logs of `dbt debug` above[0m
[0m10:31:00.054153 [debug] [MainThread]: Resource report: {"command_name": "init", "command_success": true, "command_wall_clock_time": 963.549, "process_in_blocks": "480", "process_kernel_time": 0.208891, "process_mem_max_rss": "145764", "process_out_blocks": "928", "process_user_time": 1.504215}
[0m10:31:00.055204 [debug] [MainThread]: Command `dbt init` succeeded at 10:31:00.055061 after 963.55 seconds
[0m10:31:00.055640 [debug] [MainThread]: Connection 'debug' was left open.
[0m10:31:00.055922 [debug] [MainThread]: On debug: No close available on handle
[0m10:31:00.056166 [debug] [MainThread]: Sending event: {'category': 'dbt', 'action': 'invocation', 'label': 'end', 'context': [<snowplow_tracker.self_describing_json.SelfDescribingJson object at 0x717d033c2270>, <snowplow_tracker.self_describing_json.SelfDescribingJson object at 0x717cff666600>, <snowplow_tracker.self_describing_json.SelfDescribingJson object at 0x717d01fb0200>]}
[0m10:31:00.056459 [debug] [MainThread]: Flushing usage events
[0m10:31:00.356767 [debug] [MainThread]: An error was encountered while trying to flush usage events
